/home/finckh/ER_course/micro-515-EvoRob/final_project_train.py:232: DeprecationWarning: 'mode' parameter is deprecated and will be removed in Pillow 13 (2026-10-15)
  img = Image.fromarray((terrain * 255).astype(np.uint8), mode="L")
Generations:   0%|          | 0/2 [00:00<?, ?it/s]/home/finckh/miniconda3/envs/evorob/lib/python3.10/site-packages/gymnasium/vector/async_vector_env.py:326: UserWarning: [31mERROR: Received the following error from Worker-1 - Shutting it down[0m
  self._raise_if_errors(successes)
/home/finckh/miniconda3/envs/evorob/lib/python3.10/site-packages/gymnasium/vector/async_vector_env.py:326: UserWarning: [31mERROR: Traceback (most recent call last):
  File "/home/finckh/miniconda3/envs/evorob/lib/python3.10/site-packages/gymnasium/vector/async_vector_env.py", line 704, in _async_worker
    observation, info = env.reset(**data)
  File "/home/finckh/miniconda3/envs/evorob/lib/python3.10/site-packages/gymnasium/wrappers/common.py", line 146, in reset
    return super().reset(seed=seed, options=options)
  File "/home/finckh/miniconda3/envs/evorob/lib/python3.10/site-packages/gymnasium/core.py", line 328, in reset
    return self.env.reset(seed=seed, options=options)
  File "/home/finckh/miniconda3/envs/evorob/lib/python3.10/site-packages/gymnasium/wrappers/common.py", line 400, in reset
    return super().reset(seed=seed, options=options)
  File "/home/finckh/miniconda3/envs/evorob/lib/python3.10/site-packages/gymnasium/core.py", line 328, in reset
    return self.env.reset(seed=seed, options=options)
  File "/home/finckh/miniconda3/envs/evorob/lib/python3.10/site-packages/gymnasium/wrappers/common.py", line 293, in reset
    return env_reset_passive_checker(self.env, seed=seed, options=options)
  File "/home/finckh/miniconda3/envs/evorob/lib/python3.10/site-packages/gymnasium/utils/passive_env_checker.py", line 185, in env_reset_passive_checker
    result = env.reset(**kwargs)
  File "/home/finckh/miniconda3/envs/evorob/lib/python3.10/site-packages/gymnasium/envs/mujoco/mujoco_env.py", line 185, in reset
    ob = self.reset_model()
  File "/home/finckh/ER_course/micro-515-EvoRob/evorob/world/envs/eval_flat.py", line 147, in reset_model
    return self._get_obs()
  File "/home/finckh/ER_course/micro-515-EvoRob/evorob/world/envs/eval_flat.py", line 139, in _get_obs
    print("Concatenated obs shape:", obs.shape())
TypeError: 'tuple' object is not callable
[0m
  self._raise_if_errors(successes)
/home/finckh/miniconda3/envs/evorob/lib/python3.10/site-packages/gymnasium/vector/async_vector_env.py:326: UserWarning: [31mERROR: Received the following error from Worker-0 - Shutting it down[0m
  self._raise_if_errors(successes)
/home/finckh/miniconda3/envs/evorob/lib/python3.10/site-packages/gymnasium/vector/async_vector_env.py:326: UserWarning: [31mERROR: Raising the last exception back to the main process.[0m
  self._raise_if_errors(successes)
Traceback (most recent call last):
  File "/home/finckh/ER_course/micro-515-EvoRob/final_project_train.py", line 686, in <module>
    run_multi_task_evolution_CMA_ES(
  File "/home/finckh/ER_course/micro-515-EvoRob/final_project_train.py", line 612, in run_multi_task_evolution_CMA_ES
    full_fitness = world.evaluate_individual(
  File "/home/finckh/ER_course/micro-515-EvoRob/final_project_train.py", line 291, in evaluate_individual
    self._eval_flat(n_repeats, n_steps),
  File "/home/finckh/ER_course/micro-515-EvoRob/final_project_train.py", line 266, in _eval_flat
    return self._run_env("FlatEnv-v0", self.flat_world_file, n_repeats, n_steps)
  File "/home/finckh/ER_course/micro-515-EvoRob/final_project_train.py", line 249, in _run_env
    obs, _ = envs.reset()
  File "/home/finckh/miniconda3/envs/evorob/lib/python3.10/site-packages/gymnasium/vector/async_vector_env.py", line 253, in reset
    return self.reset_wait()
  File "/home/finckh/miniconda3/envs/evorob/lib/python3.10/site-packages/gymnasium/vector/async_vector_env.py", line 326, in reset_wait
    self._raise_if_errors(successes)
  File "/home/finckh/miniconda3/envs/evorob/lib/python3.10/site-packages/gymnasium/vector/async_vector_env.py", line 676, in _raise_if_errors
    raise exctype(value)
TypeError: 'tuple' object is not callable
Generations:  50%|█████     | 1/2 [00:00<00:00,  3.78it/s]
