/home/finckh/ER_course/micro-515-EvoRob/final_project_train.py:234: DeprecationWarning: 'mode' parameter is deprecated and will be removed in Pillow 13 (2026-10-15)
  img = Image.fromarray((terrain * 255).astype(np.uint8), mode="L")
Generations:   0%|          | 0/2 [00:00<?, ?it/s]/home/finckh/miniconda3/envs/evorob/lib/python3.10/site-packages/gymnasium/utils/passive_env_checker.py:158: UserWarning: [33mWARN: The obs returned by the `reset()` method is not within the observation space.[0m
  logger.warn(f"{pre} is not within the observation space.")
/home/finckh/miniconda3/envs/evorob/lib/python3.10/site-packages/gymnasium/utils/passive_env_checker.py:158: UserWarning: [33mWARN: The obs returned by the `reset()` method is not within the observation space.[0m
  logger.warn(f"{pre} is not within the observation space.")
/home/finckh/miniconda3/envs/evorob/lib/python3.10/site-packages/gymnasium/vector/async_vector_env.py:326: UserWarning: [31mERROR: Received the following error from Worker-0 - Shutting it down[0m
  self._raise_if_errors(successes)
/home/finckh/miniconda3/envs/evorob/lib/python3.10/site-packages/gymnasium/vector/async_vector_env.py:326: UserWarning: [31mERROR: Traceback (most recent call last):
  File "/home/finckh/miniconda3/envs/evorob/lib/python3.10/site-packages/gymnasium/vector/async_vector_env.py", line 706, in _async_worker
    write_to_shared_memory(
  File "/home/finckh/miniconda3/envs/evorob/lib/python3.10/functools.py", line 889, in wrapper
    return dispatch(args[0].__class__)(*args, **kw)
  File "/home/finckh/miniconda3/envs/evorob/lib/python3.10/site-packages/gymnasium/vector/utils/shared_memory.py", line 248, in _write_base_to_shared_memory
    np.copyto(
ValueError: could not broadcast input array from shape (43,) into shape (27,)
[0m
  self._raise_if_errors(successes)
/home/finckh/miniconda3/envs/evorob/lib/python3.10/site-packages/gymnasium/vector/async_vector_env.py:326: UserWarning: [31mERROR: Received the following error from Worker-1 - Shutting it down[0m
  self._raise_if_errors(successes)
/home/finckh/miniconda3/envs/evorob/lib/python3.10/site-packages/gymnasium/vector/async_vector_env.py:326: UserWarning: [31mERROR: Raising the last exception back to the main process.[0m
  self._raise_if_errors(successes)
Traceback (most recent call last):
  File "/home/finckh/ER_course/micro-515-EvoRob/final_project_train.py", line 688, in <module>
    run_multi_task_evolution_CMA_ES(
  File "/home/finckh/ER_course/micro-515-EvoRob/final_project_train.py", line 614, in run_multi_task_evolution_CMA_ES
    full_fitness = world.evaluate_individual(
  File "/home/finckh/ER_course/micro-515-EvoRob/final_project_train.py", line 293, in evaluate_individual
    self._eval_flat(n_repeats, n_steps),
  File "/home/finckh/ER_course/micro-515-EvoRob/final_project_train.py", line 268, in _eval_flat
    return self._run_env("FlatEnv-v0", self.flat_world_file, n_repeats, n_steps)
  File "/home/finckh/ER_course/micro-515-EvoRob/final_project_train.py", line 251, in _run_env
    obs, _ = envs.reset()
  File "/home/finckh/miniconda3/envs/evorob/lib/python3.10/site-packages/gymnasium/vector/async_vector_env.py", line 253, in reset
    return self.reset_wait()
  File "/home/finckh/miniconda3/envs/evorob/lib/python3.10/site-packages/gymnasium/vector/async_vector_env.py", line 326, in reset_wait
    self._raise_if_errors(successes)
  File "/home/finckh/miniconda3/envs/evorob/lib/python3.10/site-packages/gymnasium/vector/async_vector_env.py", line 676, in _raise_if_errors
    raise exctype(value)
ValueError: could not broadcast input array from shape (43,) into shape (27,)
Generations:  50%|█████     | 1/2 [00:00<00:00,  3.66it/s]
